acmnokigkgihogfbeooklgemindnbine
apgohnlmnmkblgfplgnlmkjcpocgfomp
apjnadhmhgdobcdanndaphcpmnjbnfng
bahkljhhdeciiaodlkppoonappfnheoi
bannaglhmenocdjcmlkhkcciioaepfpj
bgffinjklipdhacmidehoncomokcmjmh
bifdhahddjbdbjmiekcnmeiffabcfjgh
bjpknhldlbknoidifkjnnkpginjgkgnm
blngdeeenccpfjbkolalandfmiinhkak
ccdfhjebekpopcelcfkpgagbehppkadi
cceejgojinihpakmciijfdgafhpchigo
cebjhmljaodmgmcaecenghhikkjdfabo
chbpnonhcgdbcpicacolalkgjlcjkbbd
cifafogcmckphmnbeipgkpfbjphmajbc
clopbiaijcfolfmjebjinippgmdkkppj
cpgoblgcfemdmaolmfhpoifikehgbjbf
dcmjopnlojhkngkmagminjbiahokmfig
deiiiklocnibjflinkfmefpofgcfhdga
dipecofobdcjnpffbkmfkdbfmjfjfgmn
dopkmmcoegcjggfanajnindneifffpck
dopmojabcdlfbnppmjeaajclohofnbol
edcepmkpdojmciieeijebkodahjfliif
ekbecnhekcpbfgdchfjcfmnocdfpcanj
elflophcopcglipligoibfejllmndhmp
eogfeijdemimhpfhlpjoifeckijeejkc
fcobokliblbalmjmahdebcdalglnieii
fgafnjobnempajahhgebbbpkpegcdlbf
fgcomdacecoimaejookmlcfogngmfmli
fgmeppijnhhafacemgoocgelcflipnfd
fhanjgcjamaagccdkanegeefdpdkeban
flfkimeelfnpapcgmobfgfifhackkend
fmahbaepkpdimfcjpopjklankbbhdobk
foebfmkeamadbhjcdglihfijdaohomlm
fpngnlpmkfkhodklbljnncdcmkiopide
gdifegeihkihjbkkgdijkcpkjekoicbl
gfcmbgjehfhemioddkpcipehdfnjmief
gfdefkjpjdbiiclhimebabkmclmiiegk
ggijmaajgdkdijomfipnpdfijcnodpip
ghgjhnkjohlnmngbniijbkidigifekaa
gllihgnfnbpdmnppfjdlkciijkddfohn
gmmohhcojdhgbjjahhpkfhbapgcfgfne
gofhadkfcffpjdbonbladicjdbkpickk
hapicipmkalhnklammmfdblkngahelln
hijipblimhboccjcnnjnjelcdmceeafa
hmamdkecijcegebmhndhcihjjkndbjgk
hodfejbmfdhcgolcglcojkpfdjjdepji
hpfijbjnmddglpmogpaeofdbehkpball
ianfonfnhjeidghdegbkbbjgliiciiic
ibfjiddieiljjjccjemgnoopkpmpniej
inhdgbalcopmbpjfincjponejamhaeop
iondldgmpaoekbgabgconiajpbkebkin
ipagcbjbgailmjeaojmpiddflpbgjngl
jagbooldjnemiedoagckjomjegkopfno
jdheollkkpfglhohnpgkonecdealeebn
jfefcmidfkpncdkjkkghhmjkafanhiam
jfgkpeobcmjlocjpfgocelimhppdmigj
jghiljaagglmcdeopnjkfhcikjnddhhc
jgjakaebbliafihodjhpkpankimhckdf
jiiinmeiedloeiabcgkdcbbpfelmbaff
jkdngiblfdmfjhiahibnnhcjncehcgab
jkofpdjclecgjcfomkaajhhmmhnninia
kbdbmddhlgckaggdapibpihadohhelao
keceijnpfmmlnebgnkhojinbkopolaom
khhemdcdllgomlbleegjdpbeflgbomcj
kjdcopljcgiekkmjhinmcpioncofoclg
kjgaljeofmfgjfipajjeeflbknekghma
labpefoeghdmpbfijhnnejdmnjccgplc
lameokaalbmnhgapanlloeichlbjloak
lbeekfefglldjjenkaekhnogoplpmfin
lbhddhdfbcdcfbbbmimncbakkjobaedh
ldoiiiffclpggehajofeffljablcodif
lhjdepbplpkgmghgiphdjpnagpmhijbg
ljddilebjpmmomoppeemckhpilhmoaok
ljnfpiodfojmjfbiechgkbkhikfbknjc
lnedcnepmplnjmfdiclhbfhneconamoj
lnlkgfpceclfhomgocnnenmadlhanghf
loigeafmbglngofpkkddgobapkkcaena
lpajppfbbiafpmbeompbinpigbemekcg
majekhlfhmeeplofdolkddbecmgjgplm
mapafdeimlgplbahigmhneiibemhgcnc
mcfeaailfhmpdphgnheboncfiikfkenn
mgkjakldpclhkfadefnoncnjkiaffpkp
mhinpnedhapjlbgnhcifjdkklbeefbpa
mihiainclhehjnklijgpokdpldjmjdap
mmkakbkmcnchdopphcbphjioggaanmim
mopkkgobjofbkkgemcidkndbglkcfhjj
mpifmhgignilkmeckejgamolchmgfdom
nabmpeienmkmicpjckkgihobgleppbkc
nahhmpbckpgdidfnmfkfgiflpjijilce
ncepfbpjhkahgdemgmjmcgbgnfdinnhk
npaklgbiblcbpokaiddpmmbknncnbljb
npdfkclmbnoklkdebjfodpendkepbjek
nplenkhhmalidgamfdejkblbaihndkcm
oalfdomffplbcimjikgaklfamodahpmi
odnakbaioopckimfnkllgijmkikhfhhf
oklejhdbgggnfaggiidiaokelehcfjdp
omgeapkgiddakeoklcapboapbamdgmhp
oonbcpdabjcggcklopgbdagbfnkhbgbe
opahibnipmkjincplepgjiiinbfmppmh
pamchlfnkebmjbfbknoclehcpfclbhpl
pcfapghfanllmbdfiipeiihpkojekckk
pchfjdkempbhcjdifpfphmgdmnmadgce
pdpcpceofkopegffcdnffeenbfdldock
pgahbiaijngfmbbijfgmchcnkipajgha
pidohlmjfgjbafgfleommlolmbjdcpal
pilplloabdedfmialnfchjomjmpjcoej
pklmnoldkkoholegljdkibjjhmegpjep
pknkncdfjlncijifekldbjmeaiakdbof
plmgefkiicjfchonlmnbabfebpnpckkk
pnciakodcdnehobpfcjcnnlcpmjlpkac
ponodoigcmkglddlljanchegmkgkhmgb
